Archive member included because of file (symbol)

contiki-native.a(serial-line.o)
                              myproject.co (serial_line_init)
contiki-native.a(ringbuf.o)   contiki-native.a(serial-line.o) (ringbuf_init)
contiki-native.a(helloworld.o)
                              myproject.co (helloworld)
contiki-native.a(contiki-main.o)
                              /usr/lib/gcc/i686-linux-gnu/4.6/../../../i386-linux-gnu/crt1.o (main)
contiki-native.a(button-sensor.o)
                              contiki-native.a(contiki-main.o) (button_sensor)
contiki-native.a(pir-sensor.o)
                              contiki-native.a(contiki-main.o) (pir_sensor)
contiki-native.a(vib-sensor.o)
                              contiki-native.a(contiki-main.o) (vib_sensor)
contiki-native.a(sensors.o)   contiki-native.a(button-sensor.o) (sensors_changed)
contiki-native.a(serial-shell.o)
                              myproject.co (serial_shell_init)
contiki-native.a(shell.o)     contiki-native.a(serial-shell.o) (shell_input)
contiki-native.a(shell-reboot.o)
                              myproject.co (shell_reboot_init)
contiki-native.a(shell-ps.o)  myproject.co (shell_ps_init)
contiki-native.a(shell-power.o)
                              myproject.co (shell_power_init)
contiki-native.a(shell-ping.o)
                              myproject.co (shell_ping_init)
contiki-native.a(rimeaddr.o)  contiki-native.a(contiki-main.o) (rimeaddr_set_node_addr)
contiki-native.a(rime.o)      contiki-native.a(contiki-main.o) (rime_driver)
contiki-native.a(rimestats.o)
                              contiki-native.a(rime.o) (rimestats)
contiki-native.a(announcement.o)
                              contiki-native.a(rime.o) (announcement_init)
contiki-native.a(broadcast-annou)
                              contiki-native.a(rime.o) (broadcast_announcement_init)
contiki-native.a(broadcast.o)
                              contiki-native.a(broadcast-annou) (broadcast_open)
contiki-native.a(abc.o)       contiki-native.a(broadcast.o) (abc_open)
contiki-native.a(chameleon.o)
                              contiki-native.a(rime.o) (chameleon_init)
contiki-native.a(channel.o)   contiki-native.a(chameleon.o) (channel_init)
contiki-native.a(chameleon-bitop)
                              contiki-native.a(chameleon.o) (chameleon_bitopt)
contiki-native.a(nullmac.o)   contiki-native.a(contiki-main.o) (nullmac_driver)
contiki-native.a(nullrdc.o)   contiki-native.a(contiki-main.o) (nullrdc_driver)
contiki-native.a(mac.o)       contiki-native.a(nullrdc.o) (mac_call_sent_callback)
contiki-native.a(framer-nullmac.)
                              contiki-native.a(nullrdc.o) (framer_nullmac)
contiki-native.a(process.o)   contiki-native.a(serial-line.o) (process_alloc_event)
contiki-native.a(autostart.o)
                              contiki-native.a(contiki-main.o) (autostart_start)
contiki-native.a(compower.o)  contiki-native.a(shell-power.o) (compower_idle_activity)
contiki-native.a(list.o)      contiki-native.a(shell.o) (list_init)
contiki-native.a(etimer.o)    contiki-native.a(contiki-main.o) (etimer_request_poll)
contiki-native.a(ctimer.o)    contiki-native.a(contiki-main.o) (ctimer_init)
contiki-native.a(energest.o)  contiki-native.a(shell-power.o) (energest_type_time)
contiki-native.a(random.o)    contiki-native.a(broadcast-annou) (random_rand)
contiki-native.a(netstack.o)  contiki-native.a(contiki-main.o) (netstack_init)
contiki-native.a(packetbuf.o)
                              contiki-native.a(chameleon-bitop) (packetbuf_hdrreduce)
contiki-native.a(queuebuf.o)  contiki-native.a(contiki-main.o) (queuebuf_init)
contiki-native.a(uip.o)       contiki-native.a(shell-ping.o) (uip_htons)
contiki-native.a(uiplib.o)    contiki-native.a(shell-ping.o) (uiplib_ipaddrconv)
contiki-native.a(tcpip.o)     contiki-native.a(shell-ping.o) (tcpip_output)
contiki-native.a(nullradio.o)
                              contiki-native.a(nullrdc.o) (nullradio_driver)
contiki-native.a(clock.o)     contiki-native.a(etimer.o) (clock_time)
contiki-native.a(leds.o)      contiki-native.a(shell-reboot.o) (leds_on)
contiki-native.a(leds-arch.o)
                              contiki-native.a(leds.o) (leds_arch_init)
contiki-native.a(watchdog.o)  contiki-native.a(shell-reboot.o) (watchdog_reboot)
contiki-native.a(memb.o)      contiki-native.a(queuebuf.o) (memb_init)
contiki-native.a(timer.o)     contiki-native.a(etimer.o) (timer_set)
/usr/lib/i386-linux-gnu/libc_nonshared.a(elf-init.oS)
                              /usr/lib/gcc/i686-linux-gnu/4.6/../../../i386-linux-gnu/crt1.o (__libc_csu_init)

Allocating common symbols
Common symbol       size              file

uip_draddr          0x4               contiki-native.a(uip.o)
compower_idle_activity
                    0x8               contiki-native.a(compower.o)
uip_slen            0x2               contiki-native.a(uip.o)
shell_event_input   0x4               contiki-native.a(shell.o)
[...]
Memory Configuration

Name             Origin             Length             Attributes
*default*        0x0000000000000000 0xffffffffffffffff

Linker script and memory map

LOAD /usr/lib/gcc/i686-linux-gnu/4.6/../../../i386-linux-gnu/crt1.o
LOAD /usr/lib/gcc/i686-linux-gnu/4.6/../../../i386-linux-gnu/crti.o
LOAD /usr/lib/gcc/i686-linux-gnu/4.6/crtbegin.o
LOAD myproject.co
LOAD contiki-native.a
LOAD /usr/lib/gcc/i686-linux-gnu/4.6/libgcc.a
LOAD /usr/lib/gcc/i686-linux-gnu/4.6/libgcc_s.so
LOAD /usr/lib/gcc/i686-linux-gnu/4.6/../../../i386-linux-gnu/libc.so
START GROUP
LOAD /lib/i386-linux-gnu/libc.so.6
LOAD /usr/lib/i386-linux-gnu/libc_nonshared.a
LOAD /lib/i386-linux-gnu/ld-linux.so.2
END GROUP
LOAD /usr/lib/gcc/i686-linux-gnu/4.6/libgcc.a
LOAD /usr/lib/gcc/i686-linux-gnu/4.6/libgcc_s.so
LOAD /usr/lib/gcc/i686-linux-gnu/4.6/crtend.o
LOAD /usr/lib/gcc/i686-linux-gnu/4.6/../../../i386-linux-gnu/crtn.o
                0x0000000008048000                PROVIDE (__executable_start, 0x8048000)
                0x0000000008048154                . = (0x8048000 + SIZEOF_HEADERS)

.interp         0x0000000008048154       0x13
 *(.interp)
 .interp        0x0000000008048154       0x13 /usr/lib/gcc/i686-linux-gnu/4.6/../../../i386-linux-gnu/crt1.o

.note.ABI-tag   0x0000000008048168       0x20
 .note.ABI-tag  0x0000000008048168       0x20 /usr/lib/gcc/i686-linux-gnu/4.6/../../../i386-linux-gnu/crt1.o

.note.gnu.build-id
                0x0000000008048188       0x24
 *(.note.gnu.build-id)
 .note.gnu.build-id
                0x0000000008048188       0x24 /usr/lib/gcc/i686-linux-gnu/4.6/../../../i386-linux-gnu/crt1.o

.hash
 *(.hash)

.gnu.hash       0x00000000080481ac      0x9ec
 *(.gnu.hash)
 .gnu.hash      0x00000000080481ac      0x9ec /usr/lib/gcc/i686-linux-gnu/4.6/../../../i386-linux-gnu/crt1.o

.dynsym         0x0000000008048b98     0x14a0
 *(.dynsym)
 .dynsym        0x0000000008048b98     0x14a0 /usr/lib/gcc/i686-linux-gnu/4.6/../../../i386-linux-gnu/crt1.o

.dynstr         0x000000000804a038     0x12be
 *(.dynstr)
 .dynstr        0x000000000804a038     0x12be /usr/lib/gcc/i686-linux-gnu/4.6/../../../i386-linux-gnu/crt1.o

.gnu.version    0x000000000804b2f6      0x294
 *(.gnu.version)
 .gnu.version   0x000000000804b2f6      0x294 /usr/lib/gcc/i686-linux-gnu/4.6/../../../i386-linux-gnu/crt1.o

.gnu.version_d  0x000000000804b58c        0x0
 *(.gnu.version_d)
 .gnu.version_d
                0x0000000000000000        0x0 /usr/lib/gcc/i686-linux-gnu/4.6/../../../i386-linux-gnu/crt1.o

.gnu.version_r  0x000000000804b58c       0x50
 *(.gnu.version_r)
 .gnu.version_r
                0x000000000804b58c       0x50 /usr/lib/gcc/i686-linux-gnu/4.6/../../../i386-linux-gnu/crt1.o

.rel.dyn        0x000000000804b5dc       0x18
 *(.rel.init)
 *(.rel.text .rel.text.* .rel.gnu.linkonce.t.*)
 .rel.text      0x0000000000000000        0x0 /usr/lib/gcc/i686-linux-gnu/4.6/../../../i386-linux-gnu/crt1.o
 *(.rel.fini)
 *(.rel.rodata .rel.rodata.* .rel.gnu.linkonce.r.*)
 *(.rel.data.rel.ro* .rel.gnu.linkonce.d.rel.ro.*)
 *(.rel.data .rel.data.* .rel.gnu.linkonce.d.*)
 .rel.data      0x0000000000000000        0x0 /usr/lib/gcc/i686-linux-gnu/4.6/../../../i386-linux-gnu/crt1.o
 *(.rel.tdata .rel.tdata.* .rel.gnu.linkonce.td.*)
 *(.rel.tbss .rel.tbss.* .rel.gnu.linkonce.tb.*)
 *(.rel.ctors)
 *(.rel.dtors)
 *(.rel.got)
 .rel.got       0x000000000804b5dc        0x8 /usr/lib/gcc/i686-linux-gnu/4.6/../../../i386-linux-gnu/crt1.o
 *(.rel.bss .rel.bss.* .rel.gnu.linkonce.b.*)
 .rel.bss       0x000000000804b5e4       0x10 /usr/lib/gcc/i686-linux-gnu/4.6/../../../i386-linux-gnu/crt1.o
 *(.rel.ifunc)

.rel.plt        0x000000000804b5f4       0xc0
 *(.rel.plt)
 .rel.plt       0x000000000804b5f4       0xc0 /usr/lib/gcc/i686-linux-gnu/4.6/../../../i386-linux-gnu/crt1.o
                0x000000000804b6b4                PROVIDE (__rel_iplt_start, .)
 *(.rel.iplt)
 .rel.iplt      0x0000000000000000        0x0 /usr/lib/gcc/i686-linux-gnu/4.6/../../../i386-linux-gnu/crt1.o
                0x000000000804b6b4                PROVIDE (__rel_iplt_end, .)

.init           0x000000000804b6b4       0x2e
 *(.init)
 .init          0x000000000804b6b4       0x1f /usr/lib/gcc/i686-linux-gnu/4.6/../../../i386-linux-gnu/crti.o
                0x000000000804b6b4                _init
 .init          0x000000000804b6d3        0x5 /usr/lib/gcc/i686-linux-gnu/4.6/crtbegin.o
 .init          0x000000000804b6d8        0x5 /usr/lib/gcc/i686-linux-gnu/4.6/crtend.o
 .init          0x000000000804b6dd        0x5 /usr/lib/gcc/i686-linux-gnu/4.6/../../../i386-linux-gnu/crtn.o

.plt            0x000000000804b6f0      0x190
 *(.plt)
 .plt           0x000000000804b6f0      0x190 /usr/lib/gcc/i686-linux-gnu/4.6/../../../i386-linux-gnu/crt1.o
                0x000000000804b700                __snprintf_chk@@GLIBC_2.3.4
                0x000000000804b710                strcmp@@GLIBC_2.0
                0x000000000804b720                read@@GLIBC_2.0
                0x000000000804b730                memcpy@@GLIBC_2.0
                0x000000000804b740                gettimeofday@@GLIBC_2.0
                0x000000000804b750                select@@GLIBC_2.0
                0x000000000804b760                __stack_chk_fail@@GLIBC_2.4
                0x000000000804b770                _IO_getc@@GLIBC_2.0
                0x000000000804b780                perror@@GLIBC_2.0
                0x000000000804b790                puts@@GLIBC_2.0
                0x000000000804b7a0                __memcpy_chk@@GLIBC_2.3.4
                0x000000000804b7c0                exit@@GLIBC_2.0
                0x000000000804b7d0                srand@@GLIBC_2.0
                0x000000000804b7e0                strchr@@GLIBC_2.0
                0x000000000804b7f0                __libc_start_main@@GLIBC_2.0
                0x000000000804b800                setvbuf@@GLIBC_2.0
                0x000000000804b810                memset@@GLIBC_2.0
                0x000000000804b820                putchar@@GLIBC_2.0
                0x000000000804b830                strncpy@@GLIBC_2.0
                0x000000000804b840                rand@@GLIBC_2.0
                0x000000000804b850                __printf_chk@@GLIBC_2.3.4
                0x000000000804b860                strncmp@@GLIBC_2.0
                0x000000000804b870                __ctype_b_loc@@GLIBC_2.3
 *(.iplt)
 .iplt          0x0000000000000000        0x0 /usr/lib/gcc/i686-linux-gnu/4.6/../../../i386-linux-gnu/crt1.o

.text           0x000000000804b880     0x63dc
 *(.text.unlikely .text.*_unlikely)
 *(.text.exit .text.exit.*)
 *(.text.startup .text.startup.*)
 *(.text.hot .text.hot.*)
 *(.text .stub .text.* .gnu.linkonce.t.*)
 .text          0x000000000804b880       0x24 /usr/lib/gcc/i686-linux-gnu/4.6/../../../i386-linux-gnu/crt1.o
                0x000000000804b880                _start
 .text          0x000000000804b8a4        0x0 /usr/lib/gcc/i686-linux-gnu/4.6/../../../i386-linux-gnu/crti.o
 *fill*         0x000000000804b8a4        0xc 90909090
 .text          0x000000000804b8b0       0x83 /usr/lib/gcc/i686-linux-gnu/4.6/crtbegin.o
 *fill*         0x000000000804b933        0xd 90909090
 .text          0x000000000804b940       0x44 myproject.co
 .text          0x000000000804b984      0x1b1 contiki-native.a(serial-line.o)
                0x000000000804ba8a                serial_line_input_byte
                0x000000000804bafe                serial_line_init
 *fill*         0x000000000804bb35        0x3 90909090
 .text          0x000000000804bb38       0xe9 contiki-native.a(ringbuf.o)
                0x000000000804bb38                ringbuf_init
                0x000000000804bb56                ringbuf_put
                0x000000000804bbb4                ringbuf_get
                0x000000000804bc00                ringbuf_size
                0x000000000804bc0c                ringbuf_elements
 *fill*         0x000000000804bc21        0x3 90909090
 .text          0x000000000804bc24       0x20 contiki-native.a(helloworld.o)
                0x000000000804bc24                helloworld
 *fill*         0x000000000804bc44        0xc 90909090
 .text          0x000000000804bc50      0x378 contiki-native.a(contiki-main.o)
                0x000000000804bc9a                select_set_callback
                0x000000000804bd31                main
                0x000000000804bf8a                log_message
                0x000000000804bfb5                uip_log
 .text          0x000000000804bfc8       0x25 contiki-native.a(button-sensor.o)
                0x000000000804bfda                button_press
 *fill*         0x000000000804bfed        0x3 90909090
 .text          0x000000000804bff0       0x2f contiki-native.a(pir-sensor.o)
                0x000000000804c002                pir_sensor_changed
 *fill*         0x000000000804c01f        0x1 90909090
 .text          0x000000000804c020       0x2c contiki-native.a(vib-sensor.o)
                0x000000000804c032                vib_sensor_changed
 .text          0x000000000804c04c      0x20c contiki-native.a(sensors.o)
                0x000000000804c1b3                sensors_first
                0x000000000804c1b9                sensors_next
                0x000000000804c1ca                sensors_changed
                0x000000000804c1ed                sensors_find
 *fill*         0x000000000804c258        0x8 90909090
 .text          0x000000000804c260      0x15c contiki-native.a(serial-shell.o)
                0x000000000804c2e3                shell_default_output
                0x000000000804c366                shell_prompt
                0x000000000804c39f                shell_exit
                0x000000000804c3a1                serial_shell_init
 *fill*         0x000000000804c3bc        0x4 90909090
 .text          0x000000000804c3c0      0xaf5 contiki-native.a(shell.o)
                0x000000000804c4a8                shell_input
                0x000000000804c523                shell_output_str
                0x000000000804c96f                shell_start_command
                0x000000000804cb07                shell_output
                0x000000000804cb5f                shell_unregister_command
                0x000000000804cb7a                shell_register_command
                0x000000000804cc0a                shell_init
                0x000000000804ccb0                shell_strtolong
                0x000000000804cd1e                shell_time
                0x000000000804cd30                shell_set_time
                0x000000000804ce3a                shell_start
                0x000000000804ce85                shell_stop
                0x000000000804ce91                shell_quit
 *fill*         0x000000000804ceb5        0xb 90909090
 .text          0x000000000804cec0      0x168 contiki-native.a(shell-reboot.o)
                0x000000000804d015                shell_reboot_init
 .text          0x000000000804d028       0xb1 contiki-native.a(shell-ps.o)
                0x000000000804d0c6                shell_ps_init
 *fill*         0x000000000804d0d9        0x3 90909090
 .text          0x000000000804d0dc      0x41b contiki-native.a(shell-power.o)
                0x000000000804d4cc                shell_power_init
 *fill*         0x000000000804d4f7        0x9 90909090
 .text          0x000000000804d500      0x1fe contiki-native.a(shell-ping.o)
                0x000000000804d6eb                shell_ping_init
 *fill*         0x000000000804d6fe        0x2 90909090
 .text          0x000000000804d700       0x54 contiki-native.a(rimeaddr.o)
                0x000000000804d700                rimeaddr_copy
                0x000000000804d715                rimeaddr_cmp
                0x000000000804d739                rimeaddr_set_node_addr
 *fill*         0x000000000804d754        0xc 90909090
 .text          0x000000000804d760      0x158 contiki-native.a(rime.o)
                0x000000000804d840                rime_sniffer_add
                0x000000000804d85b                rime_sniffer_remove
                0x000000000804d876                rime_output
 .text          0x000000000804d8b8        0x0 contiki-native.a(rimestats.o)
 *fill*         0x000000000804d8b8        0x8 90909090
 .text          0x000000000804d8c0      0x1fe contiki-native.a(announcement.o)
                0x000000000804d8c0                announcement_init
                0x000000000804d8d3                announcement_register
                0x000000000804d935                announcement_remove
                0x000000000804d950                announcement_remove_value
                0x000000000804d991                announcement_set_value
                0x000000000804d9e1                announcement_bump
                0x000000000804da1b                announcement_listen
                0x000000000804da34                announcement_register_listen_callback
                0x000000000804da3e                announcement_register_observer_callback
                0x000000000804da48                announcement_list
                0x000000000804da5b                announcement_heard
 *fill*         0x000000000804dabe        0x2 90909090
 .text          0x000000000804dac0      0x20e contiki-native.a(broadcast-annou)
                0x000000000804dc52                broadcast_announcement_init
                0x000000000804dc9d                broadcast_announcement_stop
                0x000000000804dcc8                broadcast_announcement_beacon_interval
 *fill*         0x000000000804dcce        0x2 90909090
 .text          0x000000000804dcd0       0xf2 contiki-native.a(broadcast.o)
                0x000000000804dd3d                broadcast_open
                0x000000000804dd88                broadcast_close
                0x000000000804dd9b                broadcast_send
 *fill*         0x000000000804ddc2        0x2 90909090
 .text          0x000000000804ddc4       0xa6 contiki-native.a(abc.o)
                0x000000000804ddc4                abc_open
                0x000000000804de07                abc_close
                0x000000000804de1a                abc_send
                0x000000000804de2d                abc_input
                0x000000000804de40                abc_sent
 *fill*         0x000000000804de6a        0x2 90909090
 .text          0x000000000804de6c       0x8d contiki-native.a(chameleon.o)
                0x000000000804de6c                chameleon_init
                0x000000000804de78                chameleon_parse
                0x000000000804dea3                chameleon_create
                0x000000000804dee5                chameleon_hdrsize
 *fill*         0x000000000804def9        0x7 90909090
 .text          0x000000000804df00       0xc5 contiki-native.a(channel.o)
                0x000000000804df00                channel_init
                0x000000000804df13                channel_open
                0x000000000804df36                channel_close
                0x000000000804df51                channel_lookup
                0x000000000804df89                channel_set_attributes
 *fill*         0x000000000804dfc5        0x3 90909090
 .text          0x000000000804dfc8      0x4e6 contiki-native.a(chameleon-bitop)
                0x000000000804dfe6                get_bits_in_byte
                0x000000000804e01b                get_bits
                0x000000000804e252                set_bits_in_byte
                0x000000000804e276                set_bits
 *fill*         0x000000000804e4ae        0x2 90909090
 .text          0x000000000804e4b0       0x52 contiki-native.a(nullmac.o)
 *fill*         0x000000000804e502        0xe 90909090
 .text          0x000000000804e510      0x144 contiki-native.a(nullrdc.o)
 .text          0x000000000804e654       0x28 contiki-native.a(mac.o)
                0x000000000804e654                mac_call_sent_callback
 .text          0x000000000804e67c       0xa6 contiki-native.a(framer-nullmac.)
 *fill*         0x000000000804e722        0xe 90909090
 .text          0x000000000804e730      0x3ee contiki-native.a(process.o)
                0x000000000804e730                process_alloc_event
                0x000000000804e741                process_init
                0x000000000804e76b                process_nevents
                0x000000000804e77f                process_post
                0x000000000804e7d9                process_poll
                0x000000000804e7fa                process_is_running
                0x000000000804e94d                process_post_synch
                0x000000000804e974                process_start
                0x000000000804ea0f                process_run
                0x000000000804eb08                process_exit
 *fill*         0x000000000804eb1e        0x2 90909090
 .text          0x000000000804eb20       0x50 contiki-native.a(autostart.o)
                0x000000000804eb20                autostart_start
                0x000000000804eb4c                autostart_exit
 .text          0x000000000804eb70      0x10c contiki-native.a(compower.o)
                0x000000000804eb70                compower_accumulate
                0x000000000804ebbe                compower_clear
                0x000000000804ebd0                compower_init
                0x000000000804ebe3                compower_attrconv
                0x000000000804ec35                compower_accumulate_attrs
 *fill*         0x000000000804ec7c        0x4 90909090
 .text          0x000000000804ec80      0x17c contiki-native.a(list.o)
                0x000000000804ec80                list_init
                0x000000000804ec8b                list_head
                0x000000000804ec92                list_copy
                0x000000000804ec9f                list_tail
                0x000000000804ecb5                list_chop
                0x000000000804ecde                list_pop
                0x000000000804ecee                list_remove
                0x000000000804ed32                list_push
                0x000000000804ed63                list_add
                0x000000000804eda6                list_length
                0x000000000804edc0                list_insert
                0x000000000804edeb                list_item_next
 *fill*         0x000000000804edfc        0x4 90909090
 .text          0x000000000804ee00      0x2e3 contiki-native.a(etimer.o)
                0x000000000804ee52                etimer_request_poll
                0x000000000804efd2                etimer_set
                0x000000000804eff6                etimer_reset
                0x000000000804f012                etimer_restart
                0x000000000804f02e                etimer_adjust
                0x000000000804f044                etimer_expired
                0x000000000804f053                etimer_expiration_time
                0x000000000804f05d                etimer_start_time
                0x000000000804f064                etimer_pending
                0x000000000804f072                etimer_next_expiration_time
                0x000000000804f086                etimer_stop
 *fill*         0x000000000804f0e3        0xd 90909090
 .text          0x000000000804f0f0      0x2f3 contiki-native.a(ctimer.o)
                0x000000000804f1ce                ctimer_init
                0x000000000804f1fc                ctimer_set
                0x000000000804f27f                ctimer_reset
                0x000000000804f2e4                ctimer_restart
                0x000000000804f349                ctimer_stop
                0x000000000804f38a                ctimer_expired
 *fill*         0x000000000804f3e3        0x1 90909090
 .text          0x000000000804f3e4        0xc contiki-native.a(energest.o)
                0x000000000804f3e4                energest_type_set
                0x000000000804f3e6                energest_init
                0x000000000804f3e8                energest_type_time
                0x000000000804f3ee                energest_flush
 .text          0x000000000804f3f0       0x20 contiki-native.a(random.o)
                0x000000000804f3f0                random_init
                0x000000000804f404                random_rand
 .text          0x000000000804f410       0x21 contiki-native.a(netstack.o)
                0x000000000804f410                netstack_init
 *fill*         0x000000000804f431        0x3 90909090
 .text          0x000000000804f434      0x485 contiki-native.a(packetbuf.o)
                0x000000000804f434                packetbuf_clear_hdr
                0x000000000804f43c                packetbuf_copyto_hdr
                0x000000000804f46e                packetbuf_copyto
                0x000000000804f504                packetbuf_hdr_remove
                0x000000000804f50f                packetbuf_hdrreduce
                0x000000000804f53c                packetbuf_set_datalen
                0x000000000804f547                packetbuf_dataptr
                0x000000000804f554                packetbuf_hdrptr
                0x000000000804f561                packetbuf_is_reference
                0x000000000804f572                packetbuf_reference_ptr
                0x000000000804f578                packetbuf_datalen
                0x000000000804f580                packetbuf_compact
                0x000000000804f600                packetbuf_hdrlen
                0x000000000804f60c                packetbuf_totlen
                0x000000000804f620                packetbuf_hdralloc
                0x000000000804f672                packetbuf_attr_clear
                0x000000000804f6b6                packetbuf_clear
                0x000000000804f6e5                packetbuf_reference
                0x000000000804f707                packetbuf_copyfrom
                0x000000000804f75a                packetbuf_attr_copyto
                0x000000000804f7dd                packetbuf_attr_copyfrom
                0x000000000804f85f                packetbuf_set_attr
                0x000000000804f876                packetbuf_attr
                0x000000000804f884                packetbuf_set_addr
                0x000000000804f8ac                packetbuf_addr
 *fill*         0x000000000804f8b9        0x3 90909090
 .text          0x000000000804f8bc      0x2ab contiki-native.a(queuebuf.o)
                0x000000000804f8bf                queuebuf_init
                0x000000000804f8ea                queuebuf_new_from_packetbuf
                0x000000000804f99b                queuebuf_update_attr_from_packetbuf
                0x000000000804f9c2                queuebuf_free
                0x000000000804fa2b                queuebuf_to_packetbuf
                0x000000000804fad6                queuebuf_dataptr
                0x000000000804fb21                queuebuf_datalen
                0x000000000804fb2e                queuebuf_addr
                0x000000000804fb49                queuebuf_attr
                0x000000000804fb65                queuebuf_debug_print
 *fill*         0x000000000804fb67        0x9 90909090
 .text          0x000000000804fb70     0x162b contiki-native.a(uip.o)
                0x000000000804fbbc                uip_setipid
                0x000000000804fbc7                uip_add32
                0x000000000804fcb9                uip_init
                0x000000000804fd0a                uip_unlisten
                0x000000000804fd62                uip_listen
                0x000000000804fdba                uip_htons
                0x000000000804fdc4                uip_udp_new
                0x000000000804feb7                uip_connect
                0x000000000805005b                uip_udpchksum
                0x0000000008050067                uip_tcpchksum
                0x0000000008050073                uip_ipchksum
                0x00000000080500a7                uip_process
                0x0000000008051118                uip_chksum
                0x000000000805113d                uip_htonl
                0x0000000008051157                uip_send
 *fill*         0x000000000805119b        0x5 90909090
 .text          0x00000000080511a0       0x99 contiki-native.a(uiplib.o)
                0x00000000080511a0                uiplib_ipaddrconv
 *fill*         0x0000000008051239        0x7 90909090
 .text          0x0000000008051240      0x5c2 contiki-native.a(tcpip.o)
                0x0000000008051263                tcpip_output
                0x000000000805150a                tcpip_set_outputfunc
                0x0000000008051514                tcp_unlisten
                0x000000000805157c                tcp_listen
                0x00000000080515fb                tcp_attach
                0x0000000008051610                udp_attach
                0x0000000008051625                udp_new
                0x0000000008051655                udp_broadcast_new
                0x00000000080516b8                tcpip_input
                0x00000000080516e4                tcpip_poll_udp
                0x0000000008051707                tcpip_poll_tcp
                0x000000000805172a                tcp_connect
                0x0000000008051767                tcpip_uipcall
 *fill*         0x0000000008051802        0x2 90909090
 .text          0x0000000008051804       0x4a contiki-native.a(nullradio.o)
 *fill*         0x000000000805184e        0x2 90909090
 .text          0x0000000008051850       0x5e contiki-native.a(clock.o)
                0x0000000008051850                clock_time
                0x000000000805188d                clock_seconds
                0x00000000080518ac                clock_delay
 *fill*         0x00000000080518ae        0x2 90909090
 .text          0x00000000080518b0       0xfc contiki-native.a(leds.o)
                0x00000000080518cf                leds_init
                0x00000000080518e9                leds_get
                0x00000000080518f5                leds_on
                0x000000000805191e                leds_off
                0x0000000008051947                leds_invert
                0x0000000008051961                leds_toggle
                0x0000000008051975                leds_blink
 .text          0x00000000080519ac       0x1a contiki-native.a(leds-arch.o)
                0x00000000080519ac                leds_arch_init
                0x00000000080519b4                leds_arch_get
                0x00000000080519bc                leds_arch_set
 *fill*         0x00000000080519c6        0x2 90909090
 .text          0x00000000080519c8       0x17 contiki-native.a(watchdog.o)
                0x00000000080519c8                watchdog_init
                0x00000000080519ca                watchdog_start
                0x00000000080519cc                watchdog_periodic
                0x00000000080519ce                watchdog_stop
                0x00000000080519d0                watchdog_reboot
 *fill*         0x00000000080519df        0x1 90909090
 .text          0x00000000080519e0      0x150 contiki-native.a(memb.o)
                0x00000000080519e0                memb_init
                0x0000000008051a29                memb_alloc
                0x0000000008051a85                memb_free
                0x0000000008051af3                memb_inmemb
 .text          0x0000000008051b30       0x72 contiki-native.a(timer.o)
                0x0000000008051b30                timer_set
                0x0000000008051b4b                timer_reset
                0x0000000008051b55                timer_restart
                0x0000000008051b67                timer_expired
                0x0000000008051b87                timer_remaining
 *fill*         0x0000000008051ba2        0xe 90909090
 .text          0x0000000008051bb0       0x72 /usr/lib/i386-linux-gnu/libc_nonshared.a(elf-init.oS)
                0x0000000008051bb0                __libc_csu_init
                0x0000000008051c20                __libc_csu_fini
 .text.__i686.get_pc_thunk.bx
                0x0000000008051c22        0x4 /usr/lib/i386-linux-gnu/libc_nonshared.a(elf-init.oS)
                0x0000000008051c22                __i686.get_pc_thunk.bx
 *fill*         0x0000000008051c26        0xa 90909090
 .text          0x0000000008051c30       0x2a /usr/lib/gcc/i686-linux-gnu/4.6/crtend.o
 *fill*         0x0000000008051c5a        0x2 90909090
 .text          0x0000000008051c5c        0x0 /usr/lib/gcc/i686-linux-gnu/4.6/../../../i386-linux-gnu/crtn.o
 *(.gnu.warning)

.fini           0x0000000008051c5c       0x1a
 *(.fini)
 .fini          0x0000000008051c5c       0x10 /usr/lib/gcc/i686-linux-gnu/4.6/../../../i386-linux-gnu/crti.o
                0x0000000008051c5c                _fini
 .fini          0x0000000008051c6c        0x5 /usr/lib/gcc/i686-linux-gnu/4.6/crtbegin.o
 .fini          0x0000000008051c71        0x5 /usr/lib/gcc/i686-linux-gnu/4.6/../../../i386-linux-gnu/crtn.o
                0x0000000008051c76                PROVIDE (__etext, .)
                0x0000000008051c76                PROVIDE (_etext, .)
                0x0000000008051c76                PROVIDE (etext, .)

.rodata         0x0000000008051c80      0x5e8
 *(.rodata .rodata.* .gnu.linkonce.r.*)
 .rodata        0x0000000008051c80        0x4 /usr/lib/gcc/i686-linux-gnu/4.6/../../../i386-linux-gnu/crt1.o
                0x0000000008051c80                _fp_hw
 .rodata.cst4   0x0000000008051c84        0x4 /usr/lib/gcc/i686-linux-gnu/4.6/../../../i386-linux-gnu/crt1.o
                0x0000000008051c84                _IO_stdin_used
 .rodata        0x0000000008051c88        0x8 myproject.co
                0x0000000008051c88                autostart_processes
 .rodata.str1.1
                0x0000000008051c90       0x13 myproject.co
 .rodata.str1.1
                0x0000000008051ca3        0xe contiki-native.a(serial-line.o)
 *fill*         0x0000000008051cb1        0x3 00
 .rodata.str1.4
                0x0000000008051cb4       0x64 contiki-native.a(helloworld.o)
 .rodata.str1.1
                0x0000000008051d18       0x5e contiki-native.a(contiki-main.o)
 *fill*         0x0000000008051d76        0x2 00
 .rodata        0x0000000008051d78        0x8 contiki-native.a(contiki-main.o)
 .rodata.str1.1
                0x0000000008051d80        0x7 contiki-native.a(button-sensor.o)
 *fill*         0x0000000008051d87        0x1 00
 .rodata        0x0000000008051d88       0x10 contiki-native.a(button-sensor.o)
                0x0000000008051d88                button_sensor
 .rodata.str1.1
                0x0000000008051d98        0x4 contiki-native.a(pir-sensor.o)
 .rodata        0x0000000008051d9c       0x10 contiki-native.a(pir-sensor.o)
                0x0000000008051d9c                pir_sensor
 .rodata.str1.1
                0x0000000008051dac        0xa contiki-native.a(vib-sensor.o)
 *fill*         0x0000000008051db6        0x2 00
 .rodata        0x0000000008051db8       0x10 contiki-native.a(vib-sensor.o)
                0x0000000008051db8                vib_sensor
 .rodata.str1.1
                0x0000000008051dc8        0x8 contiki-native.a(sensors.o)
 .rodata.str1.1
                0x0000000008051dd0       0x23 contiki-native.a(serial-shell.o)
                                         0x24 (size before relaxing)
 .rodata.str1.1
                0x0000000008051df3      0x101 contiki-native.a(shell.o)
                                        0x107 (size before relaxing)
 .rodata.str1.4
                0x0000000008051ef4       0x9b contiki-native.a(shell.o)
 .rodata.str1.1
                0x0000000008051f8f       0x21 contiki-native.a(shell-reboot.o)
                                         0x22 (size before relaxing)
 .rodata.str1.4
                0x0000000008051fb0       0x26 contiki-native.a(shell-reboot.o)
 .rodata.str1.1
                0x0000000008051fd6        0xe contiki-native.a(shell-ps.o)
                                          0xf (size before relaxing)
 .rodata.str1.4
                0x0000000008051fe4       0x1f contiki-native.a(shell-ps.o)
 *fill*         0x0000000008052003        0x1 00
 .rodata.str1.4
                0x0000000008052004       0x82 contiki-native.a(shell-power.o)
 .rodata.str1.1
                0x0000000008052086       0x4f contiki-native.a(shell-power.o)
                                         0x50 (size before relaxing)
 .rodata.str1.1
                0x00000000080520d5       0x22 contiki-native.a(shell-ping.o)
                                         0x23 (size before relaxing)
 *fill*         0x00000000080520f7        0x1 00
 .rodata.str1.4
                0x00000000080520f8       0x24 contiki-native.a(shell-ping.o)
                                         0x21 (size before relaxing)
 .rodata        0x000000000805211c        0x2 contiki-native.a(rimeaddr.o)
                0x000000000805211c                rimeaddr_null
 .rodata.str1.1
                0x000000000805211e        0x5 contiki-native.a(rime.o)
 *fill*         0x0000000008052123        0x1 00
 .rodata        0x0000000008052124        0xc contiki-native.a(rime.o)
                0x0000000008052124                rime_driver
 .rodata        0x0000000008052130        0x8 contiki-native.a(broadcast-annou)
 .rodata        0x0000000008052138        0xc contiki-native.a(broadcast.o)
 .rodata        0x0000000008052144        0x2 contiki-native.a(abc.o)
 *fill*         0x0000000008052146        0x2 00
 .rodata        0x0000000008052148       0x15 contiki-native.a(chameleon-bitop)
                0x0000000008052148                chameleon_bitopt
 .rodata.str1.1
                0x000000000805215d        0x8 contiki-native.a(nullmac.o)
 *fill*         0x0000000008052165        0x3 00
 .rodata        0x0000000008052168       0x1c contiki-native.a(nullmac.o)
                0x0000000008052168                nullmac_driver
 .rodata.str1.1
                0x0000000008052184        0x8 contiki-native.a(nullrdc.o)
 *fill*         0x000000000805218c       0x14 00
 .rodata        0x00000000080521a0       0x20 contiki-native.a(nullrdc.o)
                0x00000000080521a0                nullrdc_driver
 .rodata        0x00000000080521c0        0x8 contiki-native.a(framer-nullmac.)
                0x00000000080521c0                framer_nullmac
 .rodata.str1.1
                0x00000000080521c8        0xc contiki-native.a(etimer.o)
 .rodata.str1.1
                0x00000000080521d4        0xf contiki-native.a(ctimer.o)
 *fill*         0x00000000080521e3        0x1 00
 .rodata        0x00000000080521e4       0x4c contiki-native.a(uip.o)
                0x0000000008052228                uip_all_zeroes_addr
                0x000000000805222c                uip_broadcast_addr
 .rodata.str1.1
                0x0000000008052230        0xd contiki-native.a(tcpip.o)
 *fill*         0x000000000805223d        0x3 00
 .rodata        0x0000000008052240       0x28 contiki-native.a(nullradio.o)
                0x0000000008052240                nullradio_driver

.rodata1
 *(.rodata1)

.eh_frame_hdr   0x0000000008052268      0x9f4
 *(.eh_frame_hdr)
 .eh_frame_hdr  0x0000000008052268      0x9f4 /usr/lib/gcc/i686-linux-gnu/4.6/../../../i386-linux-gnu/crt1.o

.eh_frame       0x0000000008052c5c     0x2378
 *(.eh_frame)
 .eh_frame      0x0000000008052c5c       0x3c /usr/lib/gcc/i686-linux-gnu/4.6/../../../i386-linux-gnu/crt1.o
                                         0x40 (size before relaxing)
 .eh_frame      0x0000000008052c98       0x20 myproject.co
                                         0x38 (size before relaxing)
 .eh_frame      0x0000000008052cb8       0x54 contiki-native.a(serial-line.o)
                                         0x6c (size before relaxing)
 .eh_frame      0x0000000008052d0c       0x80 contiki-native.a(ringbuf.o)
                                         0x98 (size before relaxing)
 .eh_frame      0x0000000008052d8c       0x18 contiki-native.a(helloworld.o)
                                         0x30 (size before relaxing)
 .eh_frame      0x0000000008052da4       0x90 contiki-native.a(contiki-main.o)
                                         0xa8 (size before relaxing)
 .eh_frame      0x0000000008052e34       0x54 contiki-native.a(button-sensor.o)
                                         0x6c (size before relaxing)
 .eh_frame      0x0000000008052e88       0x54 contiki-native.a(pir-sensor.o)
                                         0x6c (size before relaxing)
 .eh_frame      0x0000000008052edc       0x54 contiki-native.a(vib-sensor.o)
                                         0x6c (size before relaxing)
 .eh_frame      0x0000000008052f30       0xb4 contiki-native.a(sensors.o)
                                         0xcc (size before relaxing)
 .eh_frame      0x0000000008052fe4       0xa0 contiki-native.a(serial-shell.o)
                                         0xb8 (size before relaxing)
 .eh_frame      0x0000000008053084      0x34c contiki-native.a(shell.o)
                                        0x364 (size before relaxing)
 .eh_frame      0x00000000080533d0       0x3c contiki-native.a(shell-reboot.o)
                                         0x54 (size before relaxing)
 .eh_frame      0x000000000805340c       0x4c contiki-native.a(shell-ps.o)
                                         0x64 (size before relaxing)
 .eh_frame      0x0000000008053458       0xb0 contiki-native.a(shell-power.o)
                                         0xc8 (size before relaxing)
 .eh_frame      0x0000000008053508       0x3c contiki-native.a(shell-ping.o)
                                         0x54 (size before relaxing)
 .eh_frame      0x0000000008053544       0x48 contiki-native.a(rimeaddr.o)
                                         0x60 (size before relaxing)
 .eh_frame      0x000000000805358c       0xc0 contiki-native.a(rime.o)
                                         0xd8 (size before relaxing)
 .eh_frame      0x000000000805364c      0x12c contiki-native.a(announcement.o)
                                        0x144 (size before relaxing)
 .eh_frame      0x0000000008053778      0x108 contiki-native.a(broadcast-annou)
                                        0x120 (size before relaxing)
 .eh_frame      0x0000000008053880       0x88 contiki-native.a(broadcast.o)
                                         0xa0 (size before relaxing)
 .eh_frame      0x0000000008053908       0x80 contiki-native.a(abc.o)
                                         0x98 (size before relaxing)
 .eh_frame      0x0000000008053988       0x70 contiki-native.a(chameleon.o)
                                         0x88 (size before relaxing)
 .eh_frame      0x00000000080539f8       0x88 contiki-native.a(channel.o)
                                         0xa0 (size before relaxing)
 .eh_frame      0x0000000008053a80      0x140 contiki-native.a(chameleon-bitop)
                                        0x158 (size before relaxing)
 .eh_frame      0x0000000008053bc0       0x88 contiki-native.a(nullmac.o)
                                         0xa0 (size before relaxing)
 .eh_frame      0x0000000008053c48       0xb0 contiki-native.a(nullrdc.o)
                                         0xc8 (size before relaxing)
 .eh_frame      0x0000000008053cf8       0x18 contiki-native.a(mac.o)
                                         0x30 (size before relaxing)
 .eh_frame      0x0000000008053d10       0x48 contiki-native.a(framer-nullmac.)
                                         0x60 (size before relaxing)
 .eh_frame      0x0000000008053d58      0x170 contiki-native.a(process.o)
                                        0x188 (size before relaxing)
 .eh_frame      0x0000000008053ec8       0x40 contiki-native.a(autostart.o)
                                         0x58 (size before relaxing)
 .eh_frame      0x0000000008053f08       0x94 contiki-native.a(compower.o)
                                         0xac (size before relaxing)
 .eh_frame      0x0000000008053f9c      0x114 contiki-native.a(list.o)
                                        0x12c (size before relaxing)
 .eh_frame      0x00000000080540b0      0x194 contiki-native.a(etimer.o)
                                        0x1ac (size before relaxing)
 .eh_frame      0x0000000008054244       0xf0 contiki-native.a(ctimer.o)
                                        0x108 (size before relaxing)
 .eh_frame      0x0000000008054334       0x50 contiki-native.a(energest.o)
                                         0x68 (size before relaxing)
 .eh_frame      0x0000000008054384       0x30 contiki-native.a(random.o)
                                         0x48 (size before relaxing)
 .eh_frame      0x00000000080543b4       0x18 contiki-native.a(netstack.o)
                                         0x30 (size before relaxing)
 .eh_frame      0x00000000080543cc      0x26c contiki-native.a(packetbuf.o)
                                        0x284 (size before relaxing)
 .eh_frame      0x0000000008054638      0x13c contiki-native.a(queuebuf.o)
                                        0x154 (size before relaxing)
 .eh_frame      0x0000000008054774      0x238 contiki-native.a(uip.o)
                                        0x250 (size before relaxing)
 .eh_frame      0x00000000080549ac       0x28 contiki-native.a(uiplib.o)
                                         0x40 (size before relaxing)
 .eh_frame      0x00000000080549d4      0x1e0 contiki-native.a(tcpip.o)
                                        0x1f8 (size before relaxing)
 .eh_frame      0x0000000008054bb4       0xcc contiki-native.a(nullradio.o)
                                         0xe4 (size before relaxing)
 .eh_frame      0x0000000008054c80       0x4c contiki-native.a(clock.o)
                                         0x64 (size before relaxing)
 .eh_frame      0x0000000008054ccc       0xc8 contiki-native.a(leds.o)
                                         0xe0 (size before relaxing)
 .eh_frame      0x0000000008054d94       0x3c contiki-native.a(leds-arch.o)
                                         0x54 (size before relaxing)
 .eh_frame      0x0000000008054dd0       0x64 contiki-native.a(watchdog.o)
                                         0x7c (size before relaxing)
 .eh_frame      0x0000000008054e34       0xac contiki-native.a(memb.o)
                                         0xc4 (size before relaxing)
 .eh_frame      0x0000000008054ee0       0x8c contiki-native.a(timer.o)
                                         0xa4 (size before relaxing)
 .eh_frame      0x0000000008054f6c       0x64 /usr/lib/i386-linux-gnu/libc_nonshared.a(elf-init.oS)
                                         0x7c (size before relaxing)
 .eh_frame      0x0000000008054fd0        0x4 /usr/lib/gcc/i686-linux-gnu/4.6/crtend.o

.gcc_except_table
 *(.gcc_except_table .gcc_except_table.*)

.exception_ranges
 *(.exception_ranges .exception_ranges*)
                0x0000000008054fd4                . = (ALIGN (0x1000) - ((0x1000 - .) & 0xfff))
                0x0000000008055f14                . = DATA_SEGMENT_ALIGN (0x1000, 0x1000)

.eh_frame
 *(.eh_frame)

.gcc_except_table
 *(.gcc_except_table .gcc_except_table.*)

.exception_ranges
 *(.exception_ranges .exception_ranges*)

.tdata
 *(.tdata .tdata.* .gnu.linkonce.td.*)

.tbss
 *(.tbss .tbss.* .gnu.linkonce.tb.*)
 *(.tcommon)

.preinit_array  0x0000000008055f14        0x0
                0x0000000008055f14                PROVIDE (__preinit_array_start, .)
 *(.preinit_array)
                0x0000000008055f14                PROVIDE (__preinit_array_end, .)

.init_array     0x0000000008055f14        0x0
                0x0000000008055f14                PROVIDE (__init_array_start, .)
 *(SORT(.init_array.*) SORT(.ctors.*))
 *(.init_array)
 *(EXCLUDE_FILE(*crtend?.o *crtend.o *crtbegin?.o *crtbegin.o) .ctors)
                0x0000000008055f14                PROVIDE (__init_array_end, .)

.fini_array     0x0000000008055f14        0x0
                0x0000000008055f14                PROVIDE (__fini_array_start, .)
 *(SORT(.fini_array.*) SORT(.dtors.*))
 *(.fini_array)
 *(EXCLUDE_FILE(*crtend?.o *crtend.o *crtbegin?.o *crtbegin.o) .dtors)
                0x0000000008055f14                PROVIDE (__fini_array_end, .)

.ctors          0x0000000008055f14        0x8
 *crtbegin.o(.ctors)
 .ctors         0x0000000008055f14        0x4 /usr/lib/gcc/i686-linux-gnu/4.6/crtbegin.o
 *crtbegin?.o(.ctors)
 *(EXCLUDE_FILE(*crtend?.o *crtend.o) .ctors)
 *(SORT(.ctors.*))
 *(.ctors)
 .ctors         0x0000000008055f18        0x4 /usr/lib/gcc/i686-linux-gnu/4.6/crtend.o

.dtors          0x0000000008055f1c        0x8
 *crtbegin.o(.dtors)
 .dtors         0x0000000008055f1c        0x4 /usr/lib/gcc/i686-linux-gnu/4.6/crtbegin.o
 *crtbegin?.o(.dtors)
 *(EXCLUDE_FILE(*crtend?.o *crtend.o) .dtors)
 *(SORT(.dtors.*))
 *(.dtors)
 .dtors         0x0000000008055f20        0x4 /usr/lib/gcc/i686-linux-gnu/4.6/crtend.o
                0x0000000008055f20                __DTOR_END__

.jcr            0x0000000008055f24        0x4
 *(.jcr)
 .jcr           0x0000000008055f24        0x0 /usr/lib/gcc/i686-linux-gnu/4.6/crtbegin.o
 .jcr           0x0000000008055f24        0x4 /usr/lib/gcc/i686-linux-gnu/4.6/crtend.o

.data.rel.ro
 *(.data.rel.ro.local* .gnu.linkonce.d.rel.ro.local.*)
 *(.data.rel.ro* .gnu.linkonce.d.rel.ro.*)

.dynamic        0x0000000008055f28       0xc8
 *(.dynamic)
 .dynamic       0x0000000008055f28       0xc8 /usr/lib/gcc/i686-linux-gnu/4.6/../../../i386-linux-gnu/crt1.o
                0x0000000008055f28                _DYNAMIC

.got            0x0000000008055ff0        0x4
 *(.got)
 .got           0x0000000008055ff0        0x4 /usr/lib/gcc/i686-linux-gnu/4.6/../../../i386-linux-gnu/crt1.o
 *(.igot)
                0x0000000008055ff4                . = DATA_SEGMENT_RELRO_END (., 0xc)

.got.plt        0x0000000008055ff4       0x6c
 *(.got.plt)
 .got.plt       0x0000000008055ff4       0x6c /usr/lib/gcc/i686-linux-gnu/4.6/../../../i386-linux-gnu/crt1.o
                0x0000000008055ff4                _GLOBAL_OFFSET_TABLE_
 *(.igot.plt)
 .igot.plt      0x0000000000000000        0x0 /usr/lib/gcc/i686-linux-gnu/4.6/../../../i386-linux-gnu/crt1.o

.data           0x0000000008056060      0x2a4
 *(.data .data.* .gnu.linkonce.d.*)
 .data          0x0000000008056060        0x4 /usr/lib/gcc/i686-linux-gnu/4.6/../../../i386-linux-gnu/crt1.o
                0x0000000008056060                data_start
                0x0000000008056060                __data_start
 .data          0x0000000008056064        0x0 /usr/lib/gcc/i686-linux-gnu/4.6/../../../i386-linux-gnu/crti.o
 .data          0x0000000008056064        0x4 /usr/lib/gcc/i686-linux-gnu/4.6/crtbegin.o
                0x0000000008056064                __dso_handle
 .data          0x0000000008056068       0x10 myproject.co
                0x0000000008056068                helloworld_process
 .data          0x0000000008056078       0x10 contiki-native.a(serial-line.o)
                0x0000000008056078                serial_line_process
 .data          0x0000000008056088        0x0 contiki-native.a(ringbuf.o)
 .data          0x0000000008056088        0x0 contiki-native.a(helloworld.o)
 .data          0x0000000008056088       0x10 contiki-native.a(contiki-main.o)
                0x0000000008056088                sensors
 .data          0x0000000008056098        0x0 contiki-native.a(button-sensor.o)
 .data          0x0000000008056098        0x0 contiki-native.a(pir-sensor.o)
 .data          0x0000000008056098        0x0 contiki-native.a(vib-sensor.o)
 .data          0x0000000008056098       0x10 contiki-native.a(sensors.o)
                0x0000000008056098                sensors_process
 .data          0x00000000080560a8       0x10 contiki-native.a(serial-shell.o)
                0x00000000080560a8                serial_shell_process
 .data          0x00000000080560b8      0x11e contiki-native.a(shell.o)
                0x00000000080560b8                shell_exit_process
                0x00000000080560c8                shell_null_process
                0x00000000080560d8                shell_kill_process
                0x00000000080560e8                shell_killall_process
                0x00000000080560f8                help_command_process
                0x0000000008056108                shell_server_process
                0x0000000008056118                shell_process
 *fill*         0x00000000080561d6        0x2 00
 .data          0x00000000080561d8       0x24 contiki-native.a(shell-reboot.o)
                0x00000000080561d8                shell_reboot_process
 .data          0x00000000080561fc       0x24 contiki-native.a(shell-ps.o)
                0x00000000080561fc                shell_ps_process
 .data          0x0000000008056220       0x6c contiki-native.a(shell-power.o)
                0x0000000008056220                shell_powerconv_process
                0x0000000008056230                shell_energy_process
                0x0000000008056240                shell_power_process
 .data          0x000000000805628c       0x24 contiki-native.a(shell-ping.o)
                0x000000000805628c                shell_ping_process
 .data          0x00000000080562b0        0x0 contiki-native.a(rimeaddr.o)
 .data          0x00000000080562b0        0x0 contiki-native.a(rime.o)
 .data          0x00000000080562b0        0x0 contiki-native.a(rimestats.o)
 .data          0x00000000080562b0        0x0 contiki-native.a(announcement.o)
 .data          0x00000000080562b0        0x0 contiki-native.a(broadcast-annou)
 .data          0x00000000080562b0        0x0 contiki-native.a(broadcast.o)
 .data          0x00000000080562b0        0x0 contiki-native.a(abc.o)
 .data          0x00000000080562b0        0x0 contiki-native.a(chameleon.o)
 .data          0x00000000080562b0        0x0 contiki-native.a(channel.o)
 .data          0x00000000080562b0        0x0 contiki-native.a(chameleon-bitop)
 .data          0x00000000080562b0        0x0 contiki-native.a(nullmac.o)
 .data          0x00000000080562b0        0x0 contiki-native.a(nullrdc.o)
 .data          0x00000000080562b0        0x0 contiki-native.a(mac.o)
 .data          0x00000000080562b0        0x0 contiki-native.a(framer-nullmac.)
 .data          0x00000000080562b0        0x0 contiki-native.a(process.o)
 .data          0x00000000080562b0        0x0 contiki-native.a(autostart.o)
 .data          0x00000000080562b0        0x0 contiki-native.a(compower.o)
 .data          0x00000000080562b0        0x0 contiki-native.a(list.o)
 .data          0x00000000080562b0       0x10 contiki-native.a(etimer.o)
                0x00000000080562b0                etimer_process
 .data          0x00000000080562c0       0x10 contiki-native.a(ctimer.o)
                0x00000000080562c0                ctimer_process
 .data          0x00000000080562d0        0x0 contiki-native.a(energest.o)
 .data          0x00000000080562d0        0x0 contiki-native.a(random.o)
 .data          0x00000000080562d0        0x0 contiki-native.a(netstack.o)
 .data          0x00000000080562d0        0x0 contiki-native.a(packetbuf.o)
 .data          0x00000000080562d0       0x24 contiki-native.a(queuebuf.o)
 .data          0x00000000080562f4        0x0 contiki-native.a(uip.o)
 .data          0x00000000080562f4        0x0 contiki-native.a(uiplib.o)
 .data          0x00000000080562f4       0x10 contiki-native.a(tcpip.o)
                0x00000000080562f4                tcpip_process
 .data          0x0000000008056304        0x0 contiki-native.a(nullradio.o)
 .data          0x0000000008056304        0x0 contiki-native.a(clock.o)
 .data          0x0000000008056304        0x0 contiki-native.a(leds.o)
 .data          0x0000000008056304        0x0 contiki-native.a(leds-arch.o)
 .data          0x0000000008056304        0x0 contiki-native.a(watchdog.o)
 .data          0x0000000008056304        0x0 contiki-native.a(memb.o)
 .data          0x0000000008056304        0x0 contiki-native.a(timer.o)
 .data          0x0000000008056304        0x0 /usr/lib/i386-linux-gnu/libc_nonshared.a(elf-init.oS)
 .data          0x0000000008056304        0x0 /usr/lib/gcc/i686-linux-gnu/4.6/crtend.o
 .data          0x0000000008056304        0x0 /usr/lib/gcc/i686-linux-gnu/4.6/../../../i386-linux-gnu/crtn.o

.data1
 *(.data1)
                0x0000000008056304                _edata = .
                0x0000000008056304                PROVIDE (edata, .)
                0x0000000008056304                __bss_start = .

.bss            0x0000000008056320     0x1774
 *(.dynbss)
 .dynbss        0x0000000008056320       0x24 /usr/lib/gcc/i686-linux-gnu/4.6/../../../i386-linux-gnu/crt1.o
                0x0000000008056320                stdin@@GLIBC_2.0
                0x0000000008056340                stdout@@GLIBC_2.0
 *(.bss .bss.* .gnu.linkonce.b.*)
 .bss           0x0000000008056344        0x0 /usr/lib/gcc/i686-linux-gnu/4.6/../../../i386-linux-gnu/crt1.o
 .bss           0x0000000008056344        0x0 /usr/lib/gcc/i686-linux-gnu/4.6/../../../i386-linux-gnu/crti.o
 .bss           0x0000000008056344        0x8 /usr/lib/gcc/i686-linux-gnu/4.6/crtbegin.o
 .bss           0x000000000805634c        0x0 myproject.co
 *fill*         0x000000000805634c       0x14 00
 .bss           0x0000000008056360      0x120 contiki-native.a(serial-line.o)
 .bss           0x0000000008056480        0x0 contiki-native.a(ringbuf.o)
 .bss           0x0000000008056480        0x0 contiki-native.a(helloworld.o)
 .bss           0x0000000008056480       0x44 contiki-native.a(contiki-main.o)
                0x0000000008056480                contiki_argc
 .bss           0x00000000080564c4        0x0 contiki-native.a(button-sensor.o)
 .bss           0x00000000080564c4        0x4 contiki-native.a(pir-sensor.o)
 .bss           0x00000000080564c8        0x4 contiki-native.a(vib-sensor.o)
 .bss           0x00000000080564cc        0xc contiki-native.a(sensors.o)
 .bss           0x00000000080564d8        0x0 contiki-native.a(serial-shell.o)
 .bss           0x00000000080564d8       0x20 contiki-native.a(shell.o)
 .bss           0x00000000080564f8       0x10 contiki-native.a(shell-reboot.o)
 .bss           0x0000000008056508        0x0 contiki-native.a(shell-ps.o)
 .bss           0x0000000008056508       0x18 contiki-native.a(shell-power.o)
 .bss           0x0000000008056520       0x1c contiki-native.a(shell-ping.o)
 .bss           0x000000000805653c        0x0 contiki-native.a(rimeaddr.o)
 .bss           0x000000000805653c        0x4 contiki-native.a(rime.o)
 .bss           0x0000000008056540        0x0 contiki-native.a(rimestats.o)
 .bss           0x0000000008056540        0xc contiki-native.a(announcement.o)
 *fill*         0x000000000805654c       0x14 00
 .bss           0x0000000008056560       0x6c contiki-native.a(broadcast-annou)
 .bss           0x00000000080565cc        0x0 contiki-native.a(broadcast.o)
 .bss           0x00000000080565cc        0x0 contiki-native.a(abc.o)
 .bss           0x00000000080565cc        0x0 contiki-native.a(chameleon.o)
 .bss           0x00000000080565cc        0x4 contiki-native.a(channel.o)
 .bss           0x00000000080565d0        0x0 contiki-native.a(chameleon-bitop)
 .bss           0x00000000080565d0        0x0 contiki-native.a(nullmac.o)
 .bss           0x00000000080565d0        0x0 contiki-native.a(nullrdc.o)
 .bss           0x00000000080565d0        0x0 contiki-native.a(mac.o)
 .bss           0x00000000080565d0        0x0 contiki-native.a(framer-nullmac.)
 *fill*         0x00000000080565d0       0x10 00
 .bss           0x00000000080565e0      0x1b1 contiki-native.a(process.o)
                0x00000000080565e0                process_current
                0x00000000080565e4                process_list
 *fill*         0x0000000008056791        0x3 00
 .bss           0x0000000008056794        0x0 contiki-native.a(autostart.o)
 .bss           0x0000000008056794        0x8 contiki-native.a(compower.o)
 .bss           0x000000000805679c        0x0 contiki-native.a(list.o)
 .bss           0x000000000805679c        0x8 contiki-native.a(etimer.o)
 .bss           0x00000000080567a4        0x8 contiki-native.a(ctimer.o)
 .bss           0x00000000080567ac        0x0 contiki-native.a(energest.o)
 .bss           0x00000000080567ac        0x0 contiki-native.a(random.o)
 .bss           0x00000000080567ac        0x0 contiki-native.a(netstack.o)
 *fill*         0x00000000080567ac       0x14 00
 .bss           0x00000000080567c0       0xd2 contiki-native.a(packetbuf.o)
 *fill*         0x0000000008056892        0xe 00
 .bss           0x00000000080568a0      0x6b8 contiki-native.a(queuebuf.o)
 .bss           0x0000000008056f58       0x13 contiki-native.a(uip.o)
                0x0000000008056f58                uip_ethaddr
 *fill*         0x0000000008056f6b        0x1 00
 .bss           0x0000000008056f6c        0x0 contiki-native.a(uiplib.o)
 *fill*         0x0000000008056f6c       0x14 00
 .bss           0x0000000008056f80      0x178 contiki-native.a(tcpip.o)
 .bss           0x00000000080570f8        0x0 contiki-native.a(nullradio.o)
 .bss           0x00000000080570f8        0x0 contiki-native.a(clock.o)
 .bss           0x00000000080570f8        0x2 contiki-native.a(leds.o)
 *fill*         0x00000000080570fa        0x2 00
 .bss           0x00000000080570fc        0x1 contiki-native.a(leds-arch.o)
 *fill*         0x00000000080570fd        0x3 00
 .bss           0x0000000008057100        0x0 contiki-native.a(watchdog.o)
 .bss           0x0000000008057100        0x0 contiki-native.a(memb.o)
 .bss           0x0000000008057100        0x0 contiki-native.a(timer.o)
 .bss           0x0000000008057100        0x0 /usr/lib/i386-linux-gnu/libc_nonshared.a(elf-init.oS)
 .bss           0x0000000008057100        0x0 /usr/lib/gcc/i686-linux-gnu/4.6/crtend.o
 .bss           0x0000000008057100        0x0 /usr/lib/gcc/i686-linux-gnu/4.6/../../../i386-linux-gnu/crtn.o
 *(COMMON)
 COMMON         0x0000000008057100        0x1 contiki-native.a(serial-line.o)
                0x0000000008057100                serial_line_event_message
 *fill*         0x0000000008057101        0x3 00
 COMMON         0x0000000008057104        0x8 contiki-native.a(contiki-main.o)
                0x0000000008057104                contiki_argv
                0x0000000008057108                sensors_flags
 COMMON         0x000000000805710c        0x1 contiki-native.a(sensors.o)
                0x000000000805710c                sensors_event
 *fill*         0x000000000805710d        0x3 00
 COMMON         0x0000000008057110        0x4 contiki-native.a(shell.o)
                0x0000000008057110                shell_event_input
 COMMON         0x0000000008057114        0x2 contiki-native.a(rimeaddr.o)
                0x0000000008057114                rimeaddr_node_addr
 *fill*         0x0000000008057116        0xa 00
 COMMON         0x0000000008057120       0x48 contiki-native.a(rimestats.o)
                0x0000000008057120                rimestats
 COMMON         0x0000000008057168        0x8 contiki-native.a(compower.o)
                0x0000000008057168                compower_idle_activity
 *fill*         0x0000000008057170       0x10 00
 COMMON         0x0000000008057180       0x38 contiki-native.a(packetbuf.o)
                0x0000000008057180                packetbuf_attrs
                0x00000000080571b0                packetbuf_addrs
 *fill*         0x00000000080571b8        0x8 00
 COMMON         0x00000000080571c0      0x8d0 contiki-native.a(uip.o)
                0x00000000080571c0                uip_draddr
                0x00000000080571c4                uip_slen
                0x00000000080571c6                uip_acc32
                0x00000000080571e0                uip_conns
                0x0000000008057780                uip_netmask
                0x0000000008057784                uip_hostaddr
                0x0000000008057788                uip_appdata
                0x000000000805778c                uip_flags
                0x00000000080577a0                uip_aligned_buf
                0x0000000008057960                uip_listenports
                0x00000000080579b0                uip_len
                0x00000000080579b4                uip_sappdata
                0x00000000080579c0                uip_udp_conns
                0x0000000008057a88                uip_udp_conn
                0x0000000008057a8c                uip_conn
 COMMON         0x0000000008057a90        0x1 contiki-native.a(tcpip.o)
                0x0000000008057a90                tcpip_event
                0x0000000008057a94                . = ALIGN ((. != 0x0)?0x4:0x1)
 *fill*         0x0000000008057a91        0x3 00
                0x0000000008057a94                . = ALIGN (0x4)
                0x0000000008057a94                . = ALIGN (0x4)
                0x0000000008057a94                _end = .
                0x0000000008057a94                PROVIDE (end, .)
                0x0000000008057a94                . = DATA_SEGMENT_END (.)

.stab
 *(.stab)

.stabstr
 *(.stabstr)

.stab.excl
 *(.stab.excl)

.stab.exclstr
 *(.stab.exclstr)

.stab.index
 *(.stab.index)

.stab.indexstr
 *(.stab.indexstr)

.comment        0x0000000000000000       0x2a
 *(.comment)
 .comment       0x0000000000000000       0x2a /usr/lib/gcc/i686-linux-gnu/4.6/crtbegin.o
                                         0x2b (size before relaxing)
 .comment       0x0000000000000000       0x2b myproject.co
 .comment       0x0000000000000000       0x2b contiki-native.a(serial-line.o)
 .comment       0x0000000000000000       0x2b contiki-native.a(ringbuf.o)
 .comment       0x0000000000000000       0x2b contiki-native.a(helloworld.o)
 .comment       0x0000000000000000       0x2b contiki-native.a(contiki-main.o)
 .comment       0x0000000000000000       0x2b contiki-native.a(button-sensor.o)
 .comment       0x0000000000000000       0x2b contiki-native.a(pir-sensor.o)
 .comment       0x0000000000000000       0x2b contiki-native.a(vib-sensor.o)
 .comment       0x0000000000000000       0x2b contiki-native.a(sensors.o)
 .comment       0x0000000000000000       0x2b contiki-native.a(serial-shell.o)
 .comment       0x0000000000000000       0x2b contiki-native.a(shell.o)
 .comment       0x0000000000000000       0x2b contiki-native.a(shell-reboot.o)
 .comment       0x0000000000000000       0x2b contiki-native.a(shell-ps.o)
 .comment       0x0000000000000000       0x2b contiki-native.a(shell-power.o)
 .comment       0x0000000000000000       0x2b contiki-native.a(shell-ping.o)
 .comment       0x0000000000000000       0x2b contiki-native.a(rimeaddr.o)
 .comment       0x0000000000000000       0x2b contiki-native.a(rime.o)
 .comment       0x0000000000000000       0x2b contiki-native.a(rimestats.o)
 .comment       0x0000000000000000       0x2b contiki-native.a(announcement.o)
 .comment       0x0000000000000000       0x2b contiki-native.a(broadcast-annou)
 .comment       0x0000000000000000       0x2b contiki-native.a(broadcast.o)
 .comment       0x0000000000000000       0x2b contiki-native.a(abc.o)
 .comment       0x0000000000000000       0x2b contiki-native.a(chameleon.o)
 .comment       0x0000000000000000       0x2b contiki-native.a(channel.o)
 .comment       0x0000000000000000       0x2b contiki-native.a(chameleon-bitop)
 .comment       0x0000000000000000       0x2b contiki-native.a(nullmac.o)
 .comment       0x0000000000000000       0x2b contiki-native.a(nullrdc.o)
 .comment       0x0000000000000000       0x2b contiki-native.a(mac.o)
 .comment       0x0000000000000000       0x2b contiki-native.a(framer-nullmac.)
 .comment       0x0000000000000000       0x2b contiki-native.a(process.o)
 .comment       0x0000000000000000       0x2b contiki-native.a(autostart.o)
 .comment       0x0000000000000000       0x2b contiki-native.a(compower.o)
 .comment       0x0000000000000000       0x2b contiki-native.a(list.o)
 .comment       0x0000000000000000       0x2b contiki-native.a(etimer.o)
 .comment       0x0000000000000000       0x2b contiki-native.a(ctimer.o)
 .comment       0x0000000000000000       0x2b contiki-native.a(energest.o)
 .comment       0x0000000000000000       0x2b contiki-native.a(random.o)
 .comment       0x0000000000000000       0x2b contiki-native.a(netstack.o)
 .comment       0x0000000000000000       0x2b contiki-native.a(packetbuf.o)
 .comment       0x0000000000000000       0x2b contiki-native.a(queuebuf.o)
 .comment       0x0000000000000000       0x2b contiki-native.a(uip.o)
 .comment       0x0000000000000000       0x2b contiki-native.a(uiplib.o)
 .comment       0x0000000000000000       0x2b contiki-native.a(tcpip.o)
 .comment       0x0000000000000000       0x2b contiki-native.a(nullradio.o)
 .comment       0x0000000000000000       0x2b contiki-native.a(clock.o)
 .comment       0x0000000000000000       0x2b contiki-native.a(leds.o)
 .comment       0x0000000000000000       0x2b contiki-native.a(leds-arch.o)
 .comment       0x0000000000000000       0x2b contiki-native.a(watchdog.o)
 .comment       0x0000000000000000       0x2b contiki-native.a(memb.o)
 .comment       0x0000000000000000       0x2b contiki-native.a(timer.o)
 .comment       0x0000000000000000       0x2b /usr/lib/i386-linux-gnu/libc_nonshared.a(elf-init.oS)
 .comment       0x0000000000000000       0x2b /usr/lib/gcc/i686-linux-gnu/4.6/crtend.o

.debug
 *(.debug)

.line
 *(.line)

.debug_srcinfo
 *(.debug_srcinfo)

.debug_sfnames
 *(.debug_sfnames)

.debug_aranges  0x0000000000000000      0x620
 *(.debug_aranges)
 .debug_aranges
                0x0000000000000000       0x20 myproject.co
 .debug_aranges
                0x0000000000000020       0x20 contiki-native.a(serial-line.o)
 .debug_aranges
                0x0000000000000040       0x20 contiki-native.a(ringbuf.o)
 .debug_aranges
                0x0000000000000060       0x20 contiki-native.a(helloworld.o)
 .debug_aranges
                0x0000000000000080       0x20 contiki-native.a(contiki-main.o)
 .debug_aranges
                0x00000000000000a0       0x20 contiki-native.a(button-sensor.o)
 .debug_aranges
                0x00000000000000c0       0x20 contiki-native.a(pir-sensor.o)
 .debug_aranges
                0x00000000000000e0       0x20 contiki-native.a(vib-sensor.o)
 .debug_aranges
                0x0000000000000100       0x20 contiki-native.a(sensors.o)
 .debug_aranges
                0x0000000000000120       0x20 contiki-native.a(serial-shell.o)
 .debug_aranges
                0x0000000000000140       0x20 contiki-native.a(shell.o)
 .debug_aranges
                0x0000000000000160       0x20 contiki-native.a(shell-reboot.o)
 .debug_aranges
                0x0000000000000180       0x20 contiki-native.a(shell-ps.o)
 .debug_aranges
                0x00000000000001a0       0x20 contiki-native.a(shell-power.o)
 .debug_aranges
                0x00000000000001c0       0x20 contiki-native.a(shell-ping.o)
 .debug_aranges
                0x00000000000001e0       0x20 contiki-native.a(rimeaddr.o)
 .debug_aranges
                0x0000000000000200       0x20 contiki-native.a(rime.o)
 .debug_aranges
                0x0000000000000220       0x20 contiki-native.a(announcement.o)
 .debug_aranges
                0x0000000000000240       0x20 contiki-native.a(broadcast-annou)
 .debug_aranges
                0x0000000000000260       0x20 contiki-native.a(broadcast.o)
 .debug_aranges
                0x0000000000000280       0x20 contiki-native.a(abc.o)
 .debug_aranges
                0x00000000000002a0       0x20 contiki-native.a(chameleon.o)
 .debug_aranges
                0x00000000000002c0       0x20 contiki-native.a(channel.o)
 .debug_aranges
                0x00000000000002e0       0x20 contiki-native.a(chameleon-bitop)
 .debug_aranges
                0x0000000000000300       0x20 contiki-native.a(nullmac.o)
 .debug_aranges
                0x0000000000000320       0x20 contiki-native.a(nullrdc.o)
 .debug_aranges
                0x0000000000000340       0x20 contiki-native.a(mac.o)
 .debug_aranges
                0x0000000000000360       0x20 contiki-native.a(framer-nullmac.)
 .debug_aranges
                0x0000000000000380       0x20 contiki-native.a(process.o)
 .debug_aranges
                0x00000000000003a0       0x20 contiki-native.a(autostart.o)
 .debug_aranges
                0x00000000000003c0       0x20 contiki-native.a(compower.o)
 .debug_aranges
                0x00000000000003e0       0x20 contiki-native.a(list.o)
 .debug_aranges
                0x0000000000000400       0x20 contiki-native.a(etimer.o)
 .debug_aranges
                0x0000000000000420       0x20 contiki-native.a(ctimer.o)
 .debug_aranges
                0x0000000000000440       0x20 contiki-native.a(energest.o)
 .debug_aranges
                0x0000000000000460       0x20 contiki-native.a(random.o)
 .debug_aranges
                0x0000000000000480       0x20 contiki-native.a(netstack.o)
 .debug_aranges
                0x00000000000004a0       0x20 contiki-native.a(packetbuf.o)
 .debug_aranges
                0x00000000000004c0       0x20 contiki-native.a(queuebuf.o)
 .debug_aranges
                0x00000000000004e0       0x20 contiki-native.a(uip.o)
 .debug_aranges
                0x0000000000000500       0x20 contiki-native.a(uiplib.o)
 .debug_aranges
                0x0000000000000520       0x20 contiki-native.a(tcpip.o)
 .debug_aranges
                0x0000000000000540       0x20 contiki-native.a(nullradio.o)
 .debug_aranges
                0x0000000000000560       0x20 contiki-native.a(clock.o)
 .debug_aranges
                0x0000000000000580       0x20 contiki-native.a(leds.o)
 .debug_aranges
                0x00000000000005a0       0x20 contiki-native.a(leds-arch.o)
 .debug_aranges
                0x00000000000005c0       0x20 contiki-native.a(watchdog.o)
 .debug_aranges
                0x00000000000005e0       0x20 contiki-native.a(memb.o)
 .debug_aranges
                0x0000000000000600       0x20 contiki-native.a(timer.o)

.debug_pubnames
 *(.debug_pubnames)

.debug_info     0x0000000000000000     0xde66
 *(.debug_info .gnu.linkonce.wi.*)
 .debug_info    0x0000000000000000      0x4b4 myproject.co
 .debug_info    0x00000000000004b4      0x2ff contiki-native.a(serial-line.o)
 .debug_info    0x00000000000007b3      0x1cb contiki-native.a(ringbuf.o)
 .debug_info    0x000000000000097e      0x35e contiki-native.a(helloworld.o)
 .debug_info    0x0000000000000cdc      0xc82 contiki-native.a(contiki-main.o)
 .debug_info    0x000000000000195e      0x1a7 contiki-native.a(button-sensor.o)
 .debug_info    0x0000000000001b05      0x1c9 contiki-native.a(pir-sensor.o)
 .debug_info    0x0000000000001cce      0x1b6 contiki-native.a(vib-sensor.o)
 .debug_info    0x0000000000001e84      0x3a9 contiki-native.a(sensors.o)
 .debug_info    0x000000000000222d      0x5a1 contiki-native.a(serial-shell.o)
 .debug_info    0x00000000000027ce      0xf80 contiki-native.a(shell.o)
 .debug_info    0x000000000000374e      0x53a contiki-native.a(shell-reboot.o)
 .debug_info    0x0000000000003c88      0x532 contiki-native.a(shell-ps.o)
 .debug_info    0x00000000000041ba      0x8aa contiki-native.a(shell-power.o)
 .debug_info    0x0000000000004a64      0x5bc contiki-native.a(shell-ping.o)
 .debug_info    0x0000000000005020      0x18d contiki-native.a(rimeaddr.o)
 .debug_info    0x00000000000051ad      0x537 contiki-native.a(rime.o)
 .debug_info    0x00000000000056e4      0x146 contiki-native.a(rimestats.o)
 .debug_info    0x000000000000582a      0x3e5 contiki-native.a(announcement.o)
 .debug_info    0x0000000000005c0f      0x814 contiki-native.a(broadcast-annou)
 .debug_info    0x0000000000006423      0x47f contiki-native.a(broadcast.o)
 .debug_info    0x00000000000068a2      0x38e contiki-native.a(abc.o)
 .debug_info    0x0000000000006c30      0x568 contiki-native.a(chameleon.o)
 .debug_info    0x0000000000007198      0x231 contiki-native.a(channel.o)
 .debug_info    0x00000000000073c9      0x681 contiki-native.a(chameleon-bitop)
 .debug_info    0x0000000000007a4a      0x365 contiki-native.a(nullmac.o)
 .debug_info    0x0000000000007daf      0x600 contiki-native.a(nullrdc.o)
 .debug_info    0x00000000000083af      0x117 contiki-native.a(mac.o)
 .debug_info    0x00000000000084c6      0x239 contiki-native.a(framer-nullmac.)
 .debug_info    0x00000000000086ff      0x7ab contiki-native.a(process.o)
 .debug_info    0x0000000000008eaa      0x1be contiki-native.a(autostart.o)
 .debug_info    0x0000000000009068      0x2bc contiki-native.a(compower.o)
 .debug_info    0x0000000000009324      0x31c contiki-native.a(list.o)
 .debug_info    0x0000000000009640      0x4b9 contiki-native.a(etimer.o)
 .debug_info    0x0000000000009af9      0x467 contiki-native.a(ctimer.o)
 .debug_info    0x0000000000009f60       0xfb contiki-native.a(energest.o)
 .debug_info    0x000000000000a05b       0xb4 contiki-native.a(random.o)
 .debug_info    0x000000000000a10f      0x3bd contiki-native.a(netstack.o)
 .debug_info    0x000000000000a4cc      0x705 contiki-native.a(packetbuf.o)
 .debug_info    0x000000000000abd1      0x6bf contiki-native.a(queuebuf.o)
 .debug_info    0x000000000000b290      0xe70 contiki-native.a(uip.o)
 .debug_info    0x000000000000c100      0x3e2 contiki-native.a(uiplib.o)
 .debug_info    0x000000000000c4e2      0xee0 contiki-native.a(tcpip.o)
 .debug_info    0x000000000000d3c2      0x2c1 contiki-native.a(nullradio.o)
 .debug_info    0x000000000000d683      0x134 contiki-native.a(clock.o)
 .debug_info    0x000000000000d7b7      0x1d2 contiki-native.a(leds.o)
 .debug_info    0x000000000000d989       0x8f contiki-native.a(leds-arch.o)
 .debug_info    0x000000000000da18       0xd8 contiki-native.a(watchdog.o)
 .debug_info    0x000000000000daf0      0x1eb contiki-native.a(memb.o)
 .debug_info    0x000000000000dcdb      0x18b contiki-native.a(timer.o)

.debug_abbrev   0x0000000000000000     0x4a3b
 *(.debug_abbrev)
 .debug_abbrev  0x0000000000000000      0x17e myproject.co
 .debug_abbrev  0x000000000000017e      0x1a5 contiki-native.a(serial-line.o)
 .debug_abbrev  0x0000000000000323       0xeb contiki-native.a(ringbuf.o)
 .debug_abbrev  0x000000000000040e      0x125 contiki-native.a(helloworld.o)
 .debug_abbrev  0x0000000000000533      0x327 contiki-native.a(contiki-main.o)
 .debug_abbrev  0x000000000000085a       0xb6 contiki-native.a(button-sensor.o)
 .debug_abbrev  0x0000000000000910       0xd6 contiki-native.a(pir-sensor.o)
 .debug_abbrev  0x00000000000009e6       0xd4 contiki-native.a(vib-sensor.o)
 .debug_abbrev  0x0000000000000aba      0x208 contiki-native.a(sensors.o)
 .debug_abbrev  0x0000000000000cc2      0x23a contiki-native.a(serial-shell.o)
 .debug_abbrev  0x0000000000000efc      0x363 contiki-native.a(shell.o)
 .debug_abbrev  0x000000000000125f      0x179 contiki-native.a(shell-reboot.o)
 .debug_abbrev  0x00000000000013d8      0x1bd contiki-native.a(shell-ps.o)
 .debug_abbrev  0x0000000000001595      0x248 contiki-native.a(shell-power.o)
 .debug_abbrev  0x00000000000017dd      0x215 contiki-native.a(shell-ping.o)
 .debug_abbrev  0x00000000000019f2      0x107 contiki-native.a(rimeaddr.o)
 .debug_abbrev  0x0000000000001af9      0x1ae contiki-native.a(rime.o)
 .debug_abbrev  0x0000000000001ca7       0x5d contiki-native.a(rimestats.o)
 .debug_abbrev  0x0000000000001d04      0x172 contiki-native.a(announcement.o)
 .debug_abbrev  0x0000000000001e76      0x21e contiki-native.a(broadcast-annou)
 .debug_abbrev  0x0000000000002094      0x185 contiki-native.a(broadcast.o)
 .debug_abbrev  0x0000000000002219      0x145 contiki-native.a(abc.o)
 .debug_abbrev  0x000000000000235e      0x153 contiki-native.a(chameleon.o)
 .debug_abbrev  0x00000000000024b1      0x11a contiki-native.a(channel.o)
 .debug_abbrev  0x00000000000025cb      0x279 contiki-native.a(chameleon-bitop)
 .debug_abbrev  0x0000000000002844      0x16b contiki-native.a(nullmac.o)
 .debug_abbrev  0x00000000000029af      0x1dd contiki-native.a(nullrdc.o)
 .debug_abbrev  0x0000000000002b8c       0xa0 contiki-native.a(mac.o)
 .debug_abbrev  0x0000000000002c2c       0xf8 contiki-native.a(framer-nullmac.)
 .debug_abbrev  0x0000000000002d24      0x2c0 contiki-native.a(process.o)
 .debug_abbrev  0x0000000000002fe4       0xf5 contiki-native.a(autostart.o)
 .debug_abbrev  0x00000000000030d9      0x104 contiki-native.a(compower.o)
 .debug_abbrev  0x00000000000031dd      0x142 contiki-native.a(list.o)
 .debug_abbrev  0x000000000000331f      0x1ee contiki-native.a(etimer.o)
 .debug_abbrev  0x000000000000350d      0x1a4 contiki-native.a(ctimer.o)
 .debug_abbrev  0x00000000000036b1       0x8d contiki-native.a(energest.o)
 .debug_abbrev  0x000000000000373e       0x67 contiki-native.a(random.o)
 .debug_abbrev  0x00000000000037a5       0xda contiki-native.a(netstack.o)
 .debug_abbrev  0x000000000000387f      0x295 contiki-native.a(packetbuf.o)
 .debug_abbrev  0x0000000000003b14      0x206 contiki-native.a(queuebuf.o)
 .debug_abbrev  0x0000000000003d1a      0x2dc contiki-native.a(uip.o)
 .debug_abbrev  0x0000000000003ff6      0x11a contiki-native.a(uiplib.o)
 .debug_abbrev  0x0000000000004110      0x3c9 contiki-native.a(tcpip.o)
 .debug_abbrev  0x00000000000044d9      0x12b contiki-native.a(nullradio.o)
 .debug_abbrev  0x0000000000004604       0xa1 contiki-native.a(clock.o)
 .debug_abbrev  0x00000000000046a5       0xcd contiki-native.a(leds.o)
 .debug_abbrev  0x0000000000004772       0x80 contiki-native.a(leds-arch.o)
 .debug_abbrev  0x00000000000047f2       0x54 contiki-native.a(watchdog.o)
 .debug_abbrev  0x0000000000004846      0x10c contiki-native.a(memb.o)
 .debug_abbrev  0x0000000000004952       0xe9 contiki-native.a(timer.o)

.debug_line     0x0000000000000000     0x3c7b
 *(.debug_line)
 .debug_line    0x0000000000000000       0xfd myproject.co
 .debug_line    0x00000000000000fd       0xf5 contiki-native.a(serial-line.o)
 .debug_line    0x00000000000001f2       0xa0 contiki-native.a(ringbuf.o)
 .debug_line    0x0000000000000292       0xf6 contiki-native.a(helloworld.o)
 .debug_line    0x0000000000000388      0x374 contiki-native.a(contiki-main.o)
 .debug_line    0x00000000000006fc       0x81 contiki-native.a(button-sensor.o)
 .debug_line    0x000000000000077d       0x7f contiki-native.a(pir-sensor.o)
 .debug_line    0x00000000000007fc       0x7f contiki-native.a(vib-sensor.o)
 .debug_line    0x000000000000087b      0x127 contiki-native.a(sensors.o)
 .debug_line    0x00000000000009a2      0x1dc contiki-native.a(serial-shell.o)
 .debug_line    0x0000000000000b7e      0x365 contiki-native.a(shell.o)
 .debug_line    0x0000000000000ee3      0x192 contiki-native.a(shell-reboot.o)
 .debug_line    0x0000000000001075      0x155 contiki-native.a(shell-ps.o)
 .debug_line    0x00000000000011ca      0x213 contiki-native.a(shell-power.o)
 .debug_line    0x00000000000013dd      0x13e contiki-native.a(shell-ping.o)
 .debug_line    0x000000000000151b       0x97 contiki-native.a(rimeaddr.o)
 .debug_line    0x00000000000015b2      0x141 contiki-native.a(rime.o)
 .debug_line    0x00000000000016f3       0x65 contiki-native.a(rimestats.o)
 .debug_line    0x0000000000001758       0xf7 contiki-native.a(announcement.o)
 .debug_line    0x000000000000184f      0x257 contiki-native.a(broadcast-annou)
 .debug_line    0x0000000000001aa6       0xed contiki-native.a(broadcast.o)
 .debug_line    0x0000000000001b93       0xc2 contiki-native.a(abc.o)
 .debug_line    0x0000000000001c55      0x144 contiki-native.a(chameleon.o)
 .debug_line    0x0000000000001d99       0xdd contiki-native.a(channel.o)
 .debug_line    0x0000000000001e76      0x240 contiki-native.a(chameleon-bitop)
 .debug_line    0x00000000000020b6       0xa2 contiki-native.a(nullmac.o)
 .debug_line    0x0000000000002158      0x128 contiki-native.a(nullrdc.o)
 .debug_line    0x0000000000002280       0x6c contiki-native.a(mac.o)
 .debug_line    0x00000000000022ec       0xd5 contiki-native.a(framer-nullmac.)
 .debug_line    0x00000000000023c1      0x1c2 contiki-native.a(process.o)
 .debug_line    0x0000000000002583       0x99 contiki-native.a(autostart.o)
 .debug_line    0x000000000000261c       0xcf contiki-native.a(compower.o)
 .debug_line    0x00000000000026eb       0xe7 contiki-native.a(list.o)
 .debug_line    0x00000000000027d2      0x156 contiki-native.a(etimer.o)
 .debug_line    0x0000000000002928      0x144 contiki-native.a(ctimer.o)
 .debug_line    0x0000000000002a6c       0x51 contiki-native.a(energest.o)
 .debug_line    0x0000000000002abd       0x4c contiki-native.a(random.o)
 .debug_line    0x0000000000002b09       0xb0 contiki-native.a(netstack.o)
 .debug_line    0x0000000000002bb9      0x229 contiki-native.a(packetbuf.o)
 .debug_line    0x0000000000002de2      0x18e contiki-native.a(queuebuf.o)
 .debug_line    0x0000000000002f70      0x570 contiki-native.a(uip.o)
 .debug_line    0x00000000000034e0      0x112 contiki-native.a(uiplib.o)
 .debug_line    0x00000000000035f2      0x285 contiki-native.a(tcpip.o)
 .debug_line    0x0000000000003877       0x78 contiki-native.a(nullradio.o)
 .debug_line    0x00000000000038ef       0xa2 contiki-native.a(clock.o)
 .debug_line    0x0000000000003991       0x72 contiki-native.a(leds.o)
 .debug_line    0x0000000000003a03       0x5c contiki-native.a(leds-arch.o)
 .debug_line    0x0000000000003a5f       0x56 contiki-native.a(watchdog.o)
 .debug_line    0x0000000000003ab5      0x121 contiki-native.a(memb.o)
 .debug_line    0x0000000000003bd6       0xa5 contiki-native.a(timer.o)

.debug_frame
 *(.debug_frame)

.debug_str      0x0000000000000000     0x2dee
 *(.debug_str)
 .debug_str     0x0000000000000000      0x2cc myproject.co
                                        0x34c (size before relaxing)
 .debug_str     0x00000000000002cc       0xf2 contiki-native.a(serial-line.o)
                                        0x20b (size before relaxing)
 .debug_str     0x00000000000003be       0x5c contiki-native.a(ringbuf.o)
                                        0x14e (size before relaxing)
 .debug_str     0x000000000000041a       0x46 contiki-native.a(helloworld.o)
                                        0x298 (size before relaxing)
 .debug_str     0x0000000000000460      0x24f contiki-native.a(contiki-main.o)
                                        0x5a1 (size before relaxing)
 .debug_str     0x00000000000006af       0x37 contiki-native.a(button-sensor.o)
                                        0x12b (size before relaxing)
 .debug_str     0x00000000000006e6       0x4d contiki-native.a(pir-sensor.o)
                                        0x13e (size before relaxing)
 .debug_str     0x0000000000000733       0x3a contiki-native.a(vib-sensor.o)
                                        0x12b (size before relaxing)
 .debug_str     0x000000000000076d       0xa2 contiki-native.a(sensors.o)
                                        0x227 (size before relaxing)
 .debug_str     0x000000000000080f       0xbf contiki-native.a(serial-shell.o)
                                        0x3c7 (size before relaxing)
 .debug_str     0x00000000000008ce      0x424 contiki-native.a(shell.o)
                                        0x7d7 (size before relaxing)
 .debug_str     0x0000000000000cf2       0x53 contiki-native.a(shell-reboot.o)
                                        0x381 (size before relaxing)
 .debug_str     0x0000000000000d45       0x6a contiki-native.a(shell-ps.o)
                                        0x374 (size before relaxing)
 .debug_str     0x0000000000000daf      0x28d contiki-native.a(shell-power.o)
                                        0x635 (size before relaxing)
 .debug_str     0x000000000000103c      0x109 contiki-native.a(shell-ping.o)
                                        0x314 (size before relaxing)
 .debug_str     0x0000000000001145       0x6b contiki-native.a(rimeaddr.o)
                                        0x151 (size before relaxing)
 .debug_str     0x00000000000011b0      0x18f contiki-native.a(rime.o)
                                        0x313 (size before relaxing)
 .debug_str     0x000000000000133f       0x20 contiki-native.a(rimestats.o)
                                         0xf7 (size before relaxing)
 .debug_str     0x000000000000135f      0x19f contiki-native.a(announcement.o)
                                        0x2dc (size before relaxing)
 .debug_str     0x00000000000014fe      0x1d4 contiki-native.a(broadcast-annou)
                                        0x3fc (size before relaxing)
 .debug_str     0x00000000000016d2      0x345 contiki-native.a(broadcast.o)
                                        0x4cc (size before relaxing)
 .debug_str     0x0000000000001a17       0x49 contiki-native.a(abc.o)
                                        0x465 (size before relaxing)
 .debug_str     0x0000000000001a60       0x84 contiki-native.a(chameleon.o)
                                        0x5f7 (size before relaxing)
 .debug_str     0x0000000000001ae4       0x8b contiki-native.a(channel.o)
                                        0x19e (size before relaxing)
 .debug_str     0x0000000000001b6f       0xd5 contiki-native.a(chameleon-bitop)
                                        0x52e (size before relaxing)
 .debug_str     0x0000000000001c44       0x44 contiki-native.a(nullmac.o)
                                        0x1b3 (size before relaxing)
 .debug_str     0x0000000000001c88       0xb5 contiki-native.a(nullrdc.o)
                                        0x5ad (size before relaxing)
 .debug_str     0x0000000000001d3d       0x30 contiki-native.a(mac.o)
                                        0x161 (size before relaxing)
 .debug_str     0x0000000000001d6d       0x39 contiki-native.a(framer-nullmac.)
                                        0x408 (size before relaxing)
 .debug_str     0x0000000000001da6      0x133 contiki-native.a(process.o)
                                        0x410 (size before relaxing)
 .debug_str     0x0000000000001ed9       0x3a contiki-native.a(autostart.o)
                                        0x14c (size before relaxing)
 .debug_str     0x0000000000001f13       0x77 contiki-native.a(compower.o)
                                        0x581 (size before relaxing)
 .debug_str     0x0000000000001f8a       0xa8 contiki-native.a(list.o)
                                         0xf5 (size before relaxing)
 .debug_str     0x0000000000002032      0x133 contiki-native.a(etimer.o)
                                        0x2a1 (size before relaxing)
 .debug_str     0x0000000000002165       0xb9 contiki-native.a(ctimer.o)
                                        0x235 (size before relaxing)
 .debug_str     0x000000000000221e       0x5c contiki-native.a(energest.o)
                                        0x11c (size before relaxing)
 .debug_str     0x000000000000227a       0x35 contiki-native.a(random.o)
                                         0xf0 (size before relaxing)
 .debug_str     0x00000000000022af       0x28 contiki-native.a(netstack.o)
                                        0x1f4 (size before relaxing)
 .debug_str     0x00000000000022d7      0x243 contiki-native.a(packetbuf.o)
                                        0x65e (size before relaxing)
 .debug_str     0x000000000000251a      0x18a contiki-native.a(queuebuf.o)
                                        0x5e1 (size before relaxing)
 .debug_str     0x00000000000026a4      0x3a6 contiki-native.a(uip.o)
                                        0x5ef (size before relaxing)
 .debug_str     0x0000000000002a4a       0x32 contiki-native.a(uiplib.o)
                                        0x2ae (size before relaxing)
 .debug_str     0x0000000000002a7c      0x15c contiki-native.a(tcpip.o)
                                        0x639 (size before relaxing)
 .debug_str     0x0000000000002bd8       0x3c contiki-native.a(nullradio.o)
                                        0x130 (size before relaxing)
 .debug_str     0x0000000000002c14       0x45 contiki-native.a(clock.o)
                                        0x13b (size before relaxing)
 .debug_str     0x0000000000002c59       0x6c contiki-native.a(leds.o)
                                        0x13b (size before relaxing)
 .debug_str     0x0000000000002cc5       0x51 contiki-native.a(leds-arch.o)
                                         0x96 (size before relaxing)
 .debug_str     0x0000000000002d16       0x6b contiki-native.a(watchdog.o)
                                        0x126 (size before relaxing)
 .debug_str     0x0000000000002d81       0x46 contiki-native.a(memb.o)
                                        0x131 (size before relaxing)
 .debug_str     0x0000000000002dc7       0x27 contiki-native.a(timer.o)
                                        0x13b (size before relaxing)

.debug_loc      0x0000000000000000     0x52e5
 *(.debug_loc)
 .debug_loc     0x0000000000000000       0x64 myproject.co
 .debug_loc     0x0000000000000064      0x10a contiki-native.a(serial-line.o)
 .debug_loc     0x000000000000016e       0x6b contiki-native.a(ringbuf.o)
 .debug_loc     0x00000000000001d9       0x2c contiki-native.a(helloworld.o)
 .debug_loc     0x0000000000000205      0x224 contiki-native.a(contiki-main.o)
 .debug_loc     0x0000000000000429       0x2c contiki-native.a(button-sensor.o)
 .debug_loc     0x0000000000000455       0x2c contiki-native.a(pir-sensor.o)
 .debug_loc     0x0000000000000481       0x2c contiki-native.a(vib-sensor.o)
 .debug_loc     0x00000000000004ad      0x1da contiki-native.a(sensors.o)
 .debug_loc     0x0000000000000687      0x213 contiki-native.a(serial-shell.o)
 .debug_loc     0x000000000000089a      0xc41 contiki-native.a(shell.o)
 .debug_loc     0x00000000000014db       0x90 contiki-native.a(shell-reboot.o)
 .debug_loc     0x000000000000156b       0xd4 contiki-native.a(shell-ps.o)
 .debug_loc     0x000000000000163f      0x263 contiki-native.a(shell-power.o)
 .debug_loc     0x00000000000018a2       0xbc contiki-native.a(shell-ping.o)
 .debug_loc     0x000000000000195e       0x84 contiki-native.a(rimeaddr.o)
 .debug_loc     0x00000000000019e2      0x206 contiki-native.a(rime.o)
 .debug_loc     0x0000000000001be8      0x237 contiki-native.a(announcement.o)
 .debug_loc     0x0000000000001e1f      0x291 contiki-native.a(broadcast-annou)
 .debug_loc     0x00000000000020b0       0xdc contiki-native.a(broadcast.o)
 .debug_loc     0x000000000000218c       0xdc contiki-native.a(abc.o)
 .debug_loc     0x0000000000002268      0x11b contiki-native.a(chameleon.o)
 .debug_loc     0x0000000000002383      0x130 contiki-native.a(channel.o)
 .debug_loc     0x00000000000024b3      0x552 contiki-native.a(chameleon-bitop)
 .debug_loc     0x0000000000002a05       0xb0 contiki-native.a(nullmac.o)
 .debug_loc     0x0000000000002ab5      0x133 contiki-native.a(nullrdc.o)
 .debug_loc     0x0000000000002be8       0x2c contiki-native.a(mac.o)
 .debug_loc     0x0000000000002c14       0xc4 contiki-native.a(framer-nullmac.)
 .debug_loc     0x0000000000002cd8      0x3e9 contiki-native.a(process.o)
 .debug_loc     0x00000000000030c1       0xb0 contiki-native.a(autostart.o)
 .debug_loc     0x0000000000003171       0xf3 contiki-native.a(compower.o)
 .debug_loc     0x0000000000003264      0x1a5 contiki-native.a(list.o)
 .debug_loc     0x0000000000003409      0x3e4 contiki-native.a(etimer.o)
 .debug_loc     0x00000000000037ed      0x282 contiki-native.a(ctimer.o)
 .debug_loc     0x0000000000003a6f       0x58 contiki-native.a(random.o)
 .debug_loc     0x0000000000003ac7       0x2c contiki-native.a(netstack.o)
 .debug_loc     0x0000000000003af3      0x328 contiki-native.a(packetbuf.o)
 .debug_loc     0x0000000000003e1b      0x330 contiki-native.a(queuebuf.o)
 .debug_loc     0x000000000000414b      0x5ad contiki-native.a(uip.o)
 .debug_loc     0x00000000000046f8      0x118 contiki-native.a(uiplib.o)
 .debug_loc     0x0000000000004810      0x520 contiki-native.a(tcpip.o)
 .debug_loc     0x0000000000004d30       0x2c contiki-native.a(nullradio.o)
 .debug_loc     0x0000000000004d5c       0x70 contiki-native.a(clock.o)
 .debug_loc     0x0000000000004dcc      0x1ed contiki-native.a(leds.o)
 .debug_loc     0x0000000000004fb9       0x20 contiki-native.a(watchdog.o)
 .debug_loc     0x0000000000004fd9      0x1f8 contiki-native.a(memb.o)
 .debug_loc     0x00000000000051d1      0x114 contiki-native.a(timer.o)

.debug_macinfo
 *(.debug_macinfo)

.debug_weaknames
 *(.debug_weaknames)

.debug_funcnames
 *(.debug_funcnames)

.debug_typenames
 *(.debug_typenames)

.debug_varnames
 *(.debug_varnames)

.debug_pubtypes
 *(.debug_pubtypes)

.debug_ranges   0x0000000000000000       0xd0
 *(.debug_ranges)
 .debug_ranges  0x0000000000000000       0x18 contiki-native.a(contiki-main.o)
 .debug_ranges  0x0000000000000018       0x48 contiki-native.a(serial-shell.o)
 .debug_ranges  0x0000000000000060       0x40 contiki-native.a(shell-power.o)
 .debug_ranges  0x00000000000000a0       0x18 contiki-native.a(chameleon-bitop)
 .debug_ranges  0x00000000000000b8       0x18 contiki-native.a(packetbuf.o)

.gnu.attributes
 *(.gnu.attributes)

/DISCARD/
 *(.note.GNU-stack)
 *(.gnu_debuglink)
 *(.gnu.lto_*)
OUTPUT(myproject.native elf32-i386)